RAG API: 97.83871603012085
Outline API: 206.47723722457886
RAG API: 0.7644350528717041
RAG API: 0.0738067626953125
RAG API: 0.07521533966064453
RAG API: 0.07568717002868652
RAG API: 0.07523608207702637
RAG API: 0.07376980781555176
RAG API: 0.07329511642456055
RAG API: 0.07316303253173828
RAG API: 0.07396793365478516
RAG API: 0.07331490516662598
RAG API: 0.0761404037475586
RAG API: 0.07375645637512207
RAG API: 0.07665181159973145
RAG API: 0.07344317436218262
RAG API: 0.07347726821899414
RAG API: 0.07391119003295898
RAG API: 0.07316017150878906
RAG API: 0.07295083999633789
RAG API: 0.07235860824584961
RAG API: 0.07261085510253906
RAG API: 0.29586338996887207
RAG API: 0.14782094955444336
RAG API: 0.07485055923461914
RAG API: 0.07478904724121094
RAG API: 0.07488608360290527
RAG API: 0.43018126487731934
RAG API: 0.07748723030090332
RAG API: 0.07472968101501465
RAG API: 0.07263064384460449
RAG API: 0.07479262351989746
RAG API: 0.07566618919372559
RAG API: 0.07483959197998047
RAG API: 0.07535719871520996
RAG API: 0.07470011711120605
RAG API: 0.07513999938964844
RAG API: 0.07459497451782227
RAG API: 0.07336044311523438
SubOutline API: 102.70551562309265
RAG API: 96.83076429367065
RAG API: 0.5987551212310791
RAG API: 0.5428462028503418
RAG API: 0.5434880256652832
RAG API: 0.5456235408782959
RAG API: 0.5719616413116455
RAG API: 0.5765371322631836
RAG API: 0.5755858421325684
RAG API: 0.5862255096435547
RAG API: 0.5942378044128418
RAG API: 0.5827810764312744
RAG API: 0.5696368217468262
RAG API: 0.5746293067932129
RAG API: 0.5822432041168213
RAG API: 0.579625129699707
RAG API: 0.5922262668609619
RAG API: 0.5904624462127686
RAG API: 0.5732855796813965
RAG API: 0.5527377128601074
RAG API: 0.5446410179138184
RAG API: 0.5716629028320312
RAG API: 0.5729691982269287
RAG API: 0.5508346557617188
RAG API: 0.5445749759674072
RAG API: 0.5734457969665527
RAG API: 0.5446822643280029
RAG API: 0.5436244010925293
RAG API: 0.5594930648803711
RAG API: 0.5451149940490723
RAG API: 0.5444295406341553
RAG API: 0.5450410842895508
RAG API: 0.5451343059539795
RAG API: 0.5419676303863525
Content API: 197.71210718154907
Content Check API: 84.29278683662415
Content API: 76.06558775901794
Content API: 395.8265142440796
Content Check API: 88.88073372840881
Content Check API: 81.0555489063263
Content API: 86.26855897903442
Content API: 103.01779532432556
Content Check API: 125.10275053977966
Content Check API: 107.08386206626892
Content API: 73.32694125175476
Content API: 71.34244728088379
Content Check API: 96.1675124168396
Content Check API: 160.67338967323303
Content API: 34.43725323677063
Content API: 83.10789847373962
Content Check API: 87.56711459159851
Content Check API: 105.47212862968445
RAG API: 3.552555799484253
RAG API: 3.588205337524414
