Experiment Start Time: 2026-07-31 07:20:53
==================================================

Topic: Retrieval-Augmented Generation for Large Language Models, Exp 1
Start: 2026-07-31 07:20:53
End: 2026-07-31 07:55:00
Duration: 0:34:06.812049
OutlineWriter Input token usage: 481888
OutlineWriter Output token usage: 30039
SubsectionWriter Input token usage: 1623049
SubsectionWriter Output token usage: 87777
--------------------------------------------------

Topic Summary: Retrieval-Augmented Generation for Large Language Models
Total Duration: 0:34:11.834372
Successful Experiments: 1/1
==================================================

Final Summary
==================================================
Total Start Time: 2026-07-31 07:20:53
Total End Time: 2026-07-31 07:55:05
Total Duration: 0:34:11.834739
Total Topics: 1
