RAG API: 101.76478791236877
Outline API: 93.5422728061676
RAG API: 0.7600483894348145
RAG API: 0.08882617950439453
RAG API: 0.09334921836853027
RAG API: 0.0869591236114502
RAG API: 0.09455275535583496
RAG API: 0.08596920967102051
RAG API: 0.0858006477355957
RAG API: 0.08968710899353027
RAG API: 0.08529400825500488
RAG API: 0.0841834545135498
RAG API: 0.7981877326965332
RAG API: 0.08529448509216309
RAG API: 0.1326889991760254
RAG API: 0.13254761695861816
RAG API: 0.13860583305358887
RAG API: 0.08321452140808105
RAG API: 0.08739399909973145
RAG API: 0.08146047592163086
RAG API: 0.08431673049926758
RAG API: 0.08246278762817383
RAG API: 0.08678269386291504
RAG API: 0.7630155086517334
RAG API: 0.08364391326904297
RAG API: 0.08142399787902832
RAG API: 0.08367037773132324
RAG API: 0.08513021469116211
RAG API: 0.7722618579864502
RAG API: 0.0863800048828125
RAG API: 0.08350396156311035
RAG API: 0.08382892608642578
RAG API: 0.08420443534851074
RAG API: 0.08286762237548828
RAG API: 0.08568644523620605
RAG API: 0.08430790901184082
RAG API: 0.08014583587646484
RAG API: 0.08455228805541992
RAG API: 0.08581995964050293
SubOutline API: 52.93121004104614
RAG API: 101.66819024085999
RAG API: 0.6214122772216797
RAG API: 0.6295554637908936
RAG API: 0.6010153293609619
RAG API: 0.6478650569915771
RAG API: 0.6357154846191406
RAG API: 0.676037073135376
RAG API: 0.5510244369506836
RAG API: 0.6022782325744629
RAG API: 0.6608657836914062
RAG API: 0.6052865982055664
RAG API: 0.6498219966888428
RAG API: 0.590613603591919
RAG API: 0.5725746154785156
RAG API: 0.6359212398529053
RAG API: 0.671184778213501
RAG API: 0.5912089347839355
RAG API: 0.5495936870574951
RAG API: 0.6184806823730469
RAG API: 0.7028045654296875
RAG API: 0.625288724899292
RAG API: 0.5861015319824219
RAG API: 0.5947542190551758
RAG API: 0.5306720733642578
RAG API: 0.543182373046875
RAG API: 0.5959587097167969
RAG API: 0.5076754093170166
RAG API: 0.6464836597442627
RAG API: 0.5866281986236572
RAG API: 0.623955488204956
RAG API: 0.6074397563934326
RAG API: 0.6618366241455078
RAG API: 0.6220102310180664
RAG API: 0.537189245223999
RAG API: 0.5477187633514404
RAG API: 0.5725328922271729
RAG API: 0.6399281024932861
Content API: 20.48821210861206
Content API: 22.05387806892395
Content Check API: 11.987060308456421
Content Check API: 16.109670877456665
Content API: 39.81790900230408
Content API: 46.91351270675659
Content Check API: 17.854780912399292
Content Check API: 22.198155403137207
Content API: 33.50009226799011
Content API: 28.36942434310913
Content Check API: 12.233134508132935
Content Check API: 22.846495389938354
Content API: 22.051496267318726
Content Check API: 10.769195795059204
Content API: 24.00301170349121
Content API: 14.13923168182373
Content Check API: 7.712408065795898
Content Check API: 7.585451364517212
RAG API: 6.079650402069092
RAG API: 6.406937599182129
