RAG API: 104.38798546791077
Outline API: 299.1485872268677
RAG API: 0.7787203788757324
RAG API: 0.08206343650817871
RAG API: 0.08469367027282715
RAG API: 0.08503389358520508
RAG API: 0.08288288116455078
RAG API: 0.08902215957641602
RAG API: 0.7983858585357666
RAG API: 0.08082890510559082
RAG API: 0.08219051361083984
RAG API: 0.08077526092529297
RAG API: 0.07976245880126953
RAG API: 0.07984519004821777
RAG API: 0.7917907238006592
RAG API: 0.08200263977050781
RAG API: 0.08717489242553711
RAG API: 0.07906794548034668
RAG API: 0.07866907119750977
RAG API: 0.0841984748840332
RAG API: 0.08168435096740723
RAG API: 0.5819153785705566
RAG API: 0.07934927940368652
RAG API: 0.0822305679321289
RAG API: 0.08965826034545898
RAG API: 0.16072726249694824
RAG API: 0.16548466682434082
RAG API: 0.08118987083435059
RAG API: 0.16234588623046875
RAG API: 0.08579754829406738
RAG API: 0.08380913734436035
RAG API: 0.0872645378112793
RAG API: 0.0920414924621582
RAG API: 0.08753037452697754
RAG API: 0.08715653419494629
RAG API: 0.08837223052978516
RAG API: 0.0917668342590332
RAG API: 0.08454489707946777
RAG API: 0.08484864234924316
RAG API: 0.10797572135925293
RAG API: 0.08666491508483887
RAG API: 0.0869288444519043
RAG API: 0.09210658073425293
RAG API: 0.08871006965637207
RAG API: 0.08687567710876465
RAG API: 0.09286046028137207
RAG API: 0.08266377449035645
RAG API: 0.08528828620910645
RAG API: 0.08327388763427734
RAG API: 0.80794358253479
RAG API: 0.0834190845489502
RAG API: 0.08019614219665527
RAG API: 0.07978415489196777
RAG API: 0.08007144927978516
RAG API: 0.08129334449768066
RAG API: 0.08234095573425293
RAG API: 0.08888912200927734
RAG API: 0.08394145965576172
RAG API: 0.08364176750183105
RAG API: 0.08397769927978516
RAG API: 0.08549928665161133
RAG API: 0.08083820343017578
SubOutline API: 61.64434003829956
RAG API: 102.92783784866333
RAG API: 0.687861442565918
RAG API: 1.4714372158050537
RAG API: 0.6564891338348389
RAG API: 0.7969086170196533
RAG API: 0.8247220516204834
RAG API: 0.5721399784088135
RAG API: 0.5878024101257324
RAG API: 0.6364438533782959
RAG API: 0.6714737415313721
RAG API: 0.689831018447876
RAG API: 0.7197902202606201
RAG API: 0.6229486465454102
RAG API: 0.5974252223968506
RAG API: 0.5829048156738281
RAG API: 0.5956602096557617
RAG API: 0.6116368770599365
RAG API: 0.5964412689208984
RAG API: 0.6127722263336182
RAG API: 0.5884010791778564
RAG API: 0.569023609161377
RAG API: 0.572098970413208
RAG API: 0.6575384140014648
RAG API: 0.5970542430877686
RAG API: 0.6222994327545166
RAG API: 0.6102101802825928
RAG API: 0.6080188751220703
RAG API: 0.610670804977417
RAG API: 0.846238374710083
RAG API: 0.6234612464904785
RAG API: 0.5590155124664307
RAG API: 0.6046774387359619
RAG API: 0.5288565158843994
Content API: 25.466834783554077
Content Check API: 15.620906591415405
Content API: 71.42248630523682
Content API: 32.80591678619385
Content Check API: 16.371086597442627
Content Check API: 14.17729640007019
Content API: 77.75433158874512
Content Check API: 20.057082653045654
Content API: 118.43259763717651
Content Check API: 16.654332876205444
Content API: 39.75833702087402
Content API: 94.92109632492065
Content Check API: 104.54838228225708
Content Check API: 14.66649580001831
Content API: 383.25582814216614
Content Check API: 17.420560836791992
RAG API: 6.531601428985596
RAG API: 6.00470232963562
