Experiment Start Time: 2026-09-30 04:09:47
==================================================

Topic: A Survey on the Optimization of Large Language Model-based Agents, Exp 1
Start: 2026-09-30 04:09:47
End: 2026-09-30 04:30:50
Duration: 0:21:03.321983
OutlineWriter Input token usage: 431452
OutlineWriter Output token usage: 11785
SubsectionWriter Input token usage: 1162887
SubsectionWriter Output token usage: 74262
--------------------------------------------------

Topic Summary: A Survey on the Optimization of Large Language Model-based Agents
Total Duration: 0:21:08.327318
Successful Experiments: 1/1
==================================================

Final Summary
==================================================
Total Start Time: 2026-09-30 04:09:47
Total End Time: 2026-09-30 04:30:55
Total Duration: 0:21:08.328424
Total Topics: 1
